aluno@LB105UNI:~$ mkdir testegit
aluno@LB105UNI:~$ cd testegit
aluno@LB105UNI:~/testegit$ git clone https://github.com/reehmachado/av1-labso.git
Cloning into 'av1-labso'...
remote: Counting objects: 23, done.
remote: Total 23 (delta 0), reused 0 (delta 0), pack-reused 23
Unpacking objects: 100% (23/23), done.
Checking connectivity... done.
aluno@LB105UNI:~/testegit$ ls
av1-labso
aluno@LB105UNI:~/testegit$ cd av1-labso/
aluno@LB105UNI:~/testegit/av1-labso$ ls
prova1-manha  README.md
aluno@LB105UNI:~/testegit/av1-labso$ cat arq.txt
cat: arq.txt: Arquivo ou diretório não encontrado
aluno@LB105UNI:~/testegit/av1-labso$ nano arqt.txt
aluno@LB105UNI:~/testegit/av1-labso$ ls
arqt.txt  prova1-manha  README.md
aluno@LB105UNI:~/testegit/av1-labso$ git add *
aluno@LB105UNI:~/testegit/av1-labso$ git status
No ramo master
Your branch is up-to-date with 'origin/master'.

Mudanças a serem submetidas:
  (use "git reset HEAD <file>..." to unstage)

	new file:   arqt.txt

aluno@LB105UNI:~/testegit/av1-labso$ git commit -m "testando git"
[master 1bacacb] testando git
 1 file changed, 1 insertion(+)
 create mode 100644 arqt.txt
aluno@LB105UNI:~/testegit/av1-labso$ git push
warning: push.default is unset; its implicit value is changing in
Git 2.0 from 'matching' to 'simple'. To squelch this message
and maintain the current behavior after the default changes, use:

  git config --global push.default matching

To squelch this message and adopt the new behavior now, use:

  git config --global push.default simple

When push.default is set to 'matching', git will push local branches
to the remote branches that already exist with the same name.

In Git 2.0, Git will default to the more conservative 'simple'
behavior, which only pushes the current branch to the corresponding
remote branch that 'git pull' uses to update the current branch.

See 'git help config' and search for 'push.default' for further information.
(the 'simple' mode was introduced in Git 1.7.11. Use the similar mode
'current' instead of 'simple' if you sometimes use older versions of Git)

Username for 'https://github.com': reehmachado
Password for 'https://reehmachado@github.com': 
Counting objects: 4, done.
Delta compression using up to 4 threads.
Compressing objects: 100% (2/2), done.
Writing objects: 100% (3/3), 326 bytes | 0 bytes/s, done.
Total 3 (delta 0), reused 0 (delta 0)
To https://github.com/reehmachado/av1-labso.git
   8f99062..1bacacb  master -> master
aluno@LB105UNI:~/testegit/av1-labso$ 

